MPLINK 4.40, Linker
Linker Map File - Created Fri Aug 21 21:00:59 2020

                                 Section Info
                  Section       Type    Address   Location Size(Bytes)
                ---------  ---------  ---------  ---------  ---------
                   .org_0       code   0x000000    program   0x000064
                   .cinit    romdata   0x000032    program   0x000004
      .config_2007_KEKS.O       code   0x002007    program   0x000002



                              Program Memory Usage 
                               Start         End      
                           ---------   ---------      
                            0x000000    0x000033      
                            0x002007    0x002007      
            53 out of 8454 program addresses used, program memory utilization is 0%



                              Symbols - Sorted by Name
                     Name    Address   Location    Storage File                     
                ---------  ---------  ---------  --------- ---------                
                    begin   0x00002d    program     static D:\LAB\keks\keks.asm     
                    delay   0x00002c    program     static D:\LAB\keks\keks.asm     
                    scan0   0x000020    program     static D:\LAB\keks\keks.asm     
                    scan1   0x000023    program     static D:\LAB\keks\keks.asm     
                    scan2   0x000026    program     static D:\LAB\keks\keks.asm     
                    scan3   0x000029    program     static D:\LAB\keks\keks.asm     
                   stage0   0x00000b    program     static D:\LAB\keks\keks.asm     
                   stage1   0x000010    program     static D:\LAB\keks\keks.asm     
                   stage2   0x000012    program     static D:\LAB\keks\keks.asm     
                   stage3   0x000015    program     static D:\LAB\keks\keks.asm     
                   stage4   0x000018    program     static D:\LAB\keks\keks.asm     
                   stage5   0x00001c    program     static D:\LAB\keks\keks.asm     



                              Symbols - Sorted by Address
                     Name    Address   Location    Storage File                     
                ---------  ---------  ---------  --------- ---------                
                   stage0   0x00000b    program     static D:\LAB\keks\keks.asm     
                   stage1   0x000010    program     static D:\LAB\keks\keks.asm     
                   stage2   0x000012    program     static D:\LAB\keks\keks.asm     
                   stage3   0x000015    program     static D:\LAB\keks\keks.asm     
                   stage4   0x000018    program     static D:\LAB\keks\keks.asm     
                   stage5   0x00001c    program     static D:\LAB\keks\keks.asm     
                    scan0   0x000020    program     static D:\LAB\keks\keks.asm     
                    scan1   0x000023    program     static D:\LAB\keks\keks.asm     
                    scan2   0x000026    program     static D:\LAB\keks\keks.asm     
                    scan3   0x000029    program     static D:\LAB\keks\keks.asm     
                    delay   0x00002c    program     static D:\LAB\keks\keks.asm     
                    begin   0x00002d    program     static D:\LAB\keks\keks.asm     


